
== ./

== ken/

== chan/

== interface/

== syntax/

== dwarf/

== safe/

== fixedbugs/

=========== fixedbugs/bug429.go
throw: all goroutines are asleep - deadlock!

== bugs/

=========== bugs/bug395.go
bug395 is broken

=========== bugs/bug434.go
bugs/bug434.dir/two.go:10: one.t.int undefined (cannot refer to unexported field or method one.int)
BUG:bug434
